// Jest Snapshot v1, https://goo.gl/fbAQLP

exports[`Should re-rendering only part of consumers if nested. 1`] = `
Array [
  <div>
    1
    1
  </div>,
  <div>
    0
    0
  </div>,
]
`;

exports[`Should re-rendering only part of consumers if nested. 2`] = `
Array [
  <div>
    1
    1
  </div>,
  <div>
    1
    1
  </div>,
]
`;

exports[`Should re-rendering only part of consumers. 1`] = `
Array [
  <div>
    1
    1
  </div>,
  <div>
    0
    0
  </div>,
]
`;

exports[`Should re-rendering only part of consumers. 2`] = `
Array [
  <div>
    1
    1
  </div>,
  <div>
    1
    1
  </div>,
]
`;
